// Jest Snapshot v1, https://goo.gl/fbAQLP

exports[`<IndexPage /> Renders IndexPage 1`] = `
.c0 {
  max-width: 1280px;
  padding: 0 0.5rem;
  margin: 0 auto;
}

<div>
  <main
    class="c0"
  >
    <h1>
      Hello
    </h1>
  </main>
</div>
`;
